[    4067ms] [INFO] %cDownload the React DevTools for a better development experience: https://reactjs.org/link/react-devtools font-weight:bold @ webpack-internal:///(app-pages-browser)/./node_modules/next/dist/compiled/react-dom/cjs/react-dom.development.js:38559
[    7122ms] [ERROR] Failed to load resource: the server responded with a status of 500 (Internal Server Error) @ http://localhost:3010/manifest.webmanifest:0
[    7122ms] [ERROR] Manifest fetch from http://localhost:3010/manifest.webmanifest failed, code 500 @ http://localhost:3010/:0
[    7184ms] [ERROR] Failed to load resource: the server responded with a status of 500 (Internal Server Error) @ http://localhost:3010/manifest.webmanifest:0
[    7184ms] [ERROR] Manifest fetch from http://localhost:3010/manifest.webmanifest failed, code 500 @ http://localhost:3010/:0
[    7184ms] [WARNING] <meta name="apple-mobile-web-app-capable" content="yes"> is deprecated. Please include <meta name="mobile-web-app-capable" content="yes"> @ http://localhost:3010/:0
[    7255ms] [LOG] [Fast Refresh] rebuilding @ webpack-internal:///(app-pages-browser)/./node_modules/next/dist/client/components/react-dev-overlay/app/hot-reloader-client.js:186
[    7422ms] [LOG] [Fast Refresh] done in 168ms @ webpack-internal:///(app-pages-browser)/./node_modules/next/dist/client/components/react-dev-overlay/app/hot-reloader-client.js:43
[    7635ms] [ERROR] Failed to load resource: the server responded with a status of 500 (Internal Server Error) @ http://localhost:3010/manifest.webmanifest:0
[    7635ms] [ERROR] Manifest fetch from http://localhost:3010/manifest.webmanifest failed, code 500 @ http://localhost:3010/:0
[    7635ms] [WARNING] <meta name="apple-mobile-web-app-capable" content="yes"> is deprecated. Please include <meta name="mobile-web-app-capable" content="yes"> @ http://localhost:3010/:0
[    8077ms] [LOG] [Fast Refresh] rebuilding @ webpack-internal:///(app-pages-browser)/./node_modules/next/dist/client/components/react-dev-overlay/app/hot-reloader-client.js:186
[    8227ms] [LOG] [Fast Refresh] done in 150ms @ webpack-internal:///(app-pages-browser)/./node_modules/next/dist/client/components/react-dev-overlay/app/hot-reloader-client.js:43
[    8526ms] [LOG] [Fast Refresh] rebuilding @ webpack-internal:///(app-pages-browser)/./node_modules/next/dist/client/components/react-dev-overlay/app/hot-reloader-client.js:186
[    8674ms] [LOG] [Fast Refresh] done in 149ms @ webpack-internal:///(app-pages-browser)/./node_modules/next/dist/client/components/react-dev-overlay/app/hot-reloader-client.js:43
[    8915ms] [LOG] [Fast Refresh] rebuilding @ webpack-internal:///(app-pages-browser)/./node_modules/next/dist/client/components/react-dev-overlay/app/hot-reloader-client.js:186
[    9087ms] [LOG] [Fast Refresh] done in 171ms @ webpack-internal:///(app-pages-browser)/./node_modules/next/dist/client/components/react-dev-overlay/app/hot-reloader-client.js:43
[    9284ms] [LOG] [Fast Refresh] rebuilding @ webpack-internal:///(app-pages-browser)/./node_modules/next/dist/client/components/react-dev-overlay/app/hot-reloader-client.js:186
[    9421ms] [LOG] [Fast Refresh] done in 137ms @ webpack-internal:///(app-pages-browser)/./node_modules/next/dist/client/components/react-dev-overlay/app/hot-reloader-client.js:43
[    9608ms] [LOG] [Fast Refresh] rebuilding @ webpack-internal:///(app-pages-browser)/./node_modules/next/dist/client/components/react-dev-overlay/app/hot-reloader-client.js:186
[    9749ms] [LOG] [Fast Refresh] done in 140ms @ webpack-internal:///(app-pages-browser)/./node_modules/next/dist/client/components/react-dev-overlay/app/hot-reloader-client.js:43
[   10000ms] [LOG] [Fast Refresh] rebuilding @ webpack-internal:///(app-pages-browser)/./node_modules/next/dist/client/components/react-dev-overlay/app/hot-reloader-client.js:186
[   10158ms] [LOG] [Fast Refresh] done in 157ms @ webpack-internal:///(app-pages-browser)/./node_modules/next/dist/client/components/react-dev-overlay/app/hot-reloader-client.js:43
[   10384ms] [LOG] [Fast Refresh] rebuilding @ webpack-internal:///(app-pages-browser)/./node_modules/next/dist/client/components/react-dev-overlay/app/hot-reloader-client.js:186
[   10857ms] [LOG] [Fast Refresh] done in 474ms @ webpack-internal:///(app-pages-browser)/./node_modules/next/dist/client/components/react-dev-overlay/app/hot-reloader-client.js:43
[   24662ms] [ERROR] Failed to load resource: the server responded with a status of 500 (Internal Server Error) @ http://localhost:3004/manifest.webmanifest:0
[   24663ms] [ERROR] Manifest fetch from http://localhost:3004/manifest.webmanifest failed, code 500 @ http://localhost:3004/:0
[   24852ms] [INFO] %cDownload the React DevTools for a better development experience: https://reactjs.org/link/react-devtools font-weight:bold @ webpack-internal:///(app-pages-browser)/./node_modules/next/dist/compiled/react-dom/cjs/react-dom.development.js:38559
[   25064ms] [ERROR] Failed to load resource: the server responded with a status of 500 (Internal Server Error) @ http://localhost:3004/manifest.webmanifest:0
[   25065ms] [ERROR] Manifest fetch from http://localhost:3004/manifest.webmanifest failed, code 500 @ http://localhost:3004/:0
[   25070ms] [WARNING] <meta name="apple-mobile-web-app-capable" content="yes"> is deprecated. Please include <meta name="mobile-web-app-capable" content="yes"> @ http://localhost:3004/:0
[   28123ms] [ERROR] Failed to load resource: the server responded with a status of 500 (Internal Server Error) @ http://localhost:3004/manifest.webmanifest:0
[   28124ms] [ERROR] Manifest fetch from http://localhost:3004/manifest.webmanifest failed, code 500 @ http://localhost:3004/portfolio:0
[   28311ms] [INFO] %cDownload the React DevTools for a better development experience: https://reactjs.org/link/react-devtools font-weight:bold @ webpack-internal:///(app-pages-browser)/./node_modules/next/dist/compiled/react-dom/cjs/react-dom.development.js:38559
[   28430ms] [ERROR] Failed to load resource: the server responded with a status of 500 (Internal Server Error) @ http://localhost:3004/manifest.webmanifest:0
[   28430ms] [ERROR] Manifest fetch from http://localhost:3004/manifest.webmanifest failed, code 500 @ http://localhost:3004/portfolio:0
[   28434ms] [WARNING] <meta name="apple-mobile-web-app-capable" content="yes"> is deprecated. Please include <meta name="mobile-web-app-capable" content="yes"> @ http://localhost:3004/portfolio:0
[   29183ms] [ERROR] Failed to load resource: the server responded with a status of 500 (Internal Server Error) @ http://localhost:3004/manifest.webmanifest:0
[   29183ms] [ERROR] Manifest fetch from http://localhost:3004/manifest.webmanifest failed, code 500 @ http://localhost:3004/zero-to-mvp:0
[   29370ms] [INFO] %cDownload the React DevTools for a better development experience: https://reactjs.org/link/react-devtools font-weight:bold @ webpack-internal:///(app-pages-browser)/./node_modules/next/dist/compiled/react-dom/cjs/react-dom.development.js:38559
[   29448ms] [ERROR] Failed to load resource: the server responded with a status of 500 (Internal Server Error) @ http://localhost:3004/manifest.webmanifest:0
[   29448ms] [ERROR] Manifest fetch from http://localhost:3004/manifest.webmanifest failed, code 500 @ http://localhost:3004/zero-to-mvp:0
[   29451ms] [WARNING] <meta name="apple-mobile-web-app-capable" content="yes"> is deprecated. Please include <meta name="mobile-web-app-capable" content="yes"> @ http://localhost:3004/zero-to-mvp:0
[   30246ms] [ERROR] Failed to load resource: the server responded with a status of 500 (Internal Server Error) @ http://localhost:3004/manifest.webmanifest:0
[   30246ms] [ERROR] Manifest fetch from http://localhost:3004/manifest.webmanifest failed, code 500 @ http://localhost:3004/contact:0
[   30477ms] [INFO] %cDownload the React DevTools for a better development experience: https://reactjs.org/link/react-devtools font-weight:bold @ webpack-internal:///(app-pages-browser)/./node_modules/next/dist/compiled/react-dom/cjs/react-dom.development.js:38559
[   30559ms] [ERROR] Failed to load resource: the server responded with a status of 500 (Internal Server Error) @ http://localhost:3004/manifest.webmanifest:0
[   30559ms] [ERROR] Manifest fetch from http://localhost:3004/manifest.webmanifest failed, code 500 @ http://localhost:3004/contact:0
[   30566ms] [WARNING] <meta name="apple-mobile-web-app-capable" content="yes"> is deprecated. Please include <meta name="mobile-web-app-capable" content="yes"> @ http://localhost:3004/contact:0
[   31325ms] [ERROR] Failed to load resource: the server responded with a status of 500 (Internal Server Error) @ http://localhost:3004/manifest.webmanifest:0
[   31325ms] [ERROR] Manifest fetch from http://localhost:3004/manifest.webmanifest failed, code 500 @ http://localhost:3004/packages:0
[   31508ms] [INFO] %cDownload the React DevTools for a better development experience: https://reactjs.org/link/react-devtools font-weight:bold @ webpack-internal:///(app-pages-browser)/./node_modules/next/dist/compiled/react-dom/cjs/react-dom.development.js:38559
[   31591ms] [ERROR] Failed to load resource: the server responded with a status of 500 (Internal Server Error) @ http://localhost:3004/manifest.webmanifest:0
[   31591ms] [ERROR] Manifest fetch from http://localhost:3004/manifest.webmanifest failed, code 500 @ http://localhost:3004/packages:0
[   31594ms] [WARNING] <meta name="apple-mobile-web-app-capable" content="yes"> is deprecated. Please include <meta name="mobile-web-app-capable" content="yes"> @ http://localhost:3004/packages:0
[   32390ms] [ERROR] Failed to load resource: the server responded with a status of 500 (Internal Server Error) @ http://localhost:3004/manifest.webmanifest:0
[   32390ms] [ERROR] Manifest fetch from http://localhost:3004/manifest.webmanifest failed, code 500 @ http://localhost:3004/:0
[   32582ms] [INFO] %cDownload the React DevTools for a better development experience: https://reactjs.org/link/react-devtools font-weight:bold @ webpack-internal:///(app-pages-browser)/./node_modules/next/dist/compiled/react-dom/cjs/react-dom.development.js:38559
[   32701ms] [ERROR] Failed to load resource: the server responded with a status of 500 (Internal Server Error) @ http://localhost:3004/manifest.webmanifest:0
[   32701ms] [ERROR] Manifest fetch from http://localhost:3004/manifest.webmanifest failed, code 500 @ http://localhost:3004/:0
[   32724ms] [WARNING] <meta name="apple-mobile-web-app-capable" content="yes"> is deprecated. Please include <meta name="mobile-web-app-capable" content="yes"> @ http://localhost:3004/:0
[   32806ms] [ERROR] Failed to load resource: the server responded with a status of 500 (Internal Server Error) @ http://localhost:3004/manifest.webmanifest:0
[   32807ms] [ERROR] Manifest fetch from http://localhost:3004/manifest.webmanifest failed, code 500 @ http://localhost:3004/portfolio:0
[   32993ms] [INFO] %cDownload the React DevTools for a better development experience: https://reactjs.org/link/react-devtools font-weight:bold @ webpack-internal:///(app-pages-browser)/./node_modules/next/dist/compiled/react-dom/cjs/react-dom.development.js:38559
[   33082ms] [ERROR] Failed to load resource: the server responded with a status of 500 (Internal Server Error) @ http://localhost:3004/manifest.webmanifest:0
[   33082ms] [ERROR] Manifest fetch from http://localhost:3004/manifest.webmanifest failed, code 500 @ http://localhost:3004/portfolio:0
[   33088ms] [WARNING] <meta name="apple-mobile-web-app-capable" content="yes"> is deprecated. Please include <meta name="mobile-web-app-capable" content="yes"> @ http://localhost:3004/portfolio:0
[   33191ms] [ERROR] Failed to load resource: the server responded with a status of 500 (Internal Server Error) @ http://localhost:3004/manifest.webmanifest:0
[   33191ms] [ERROR] Manifest fetch from http://localhost:3004/manifest.webmanifest failed, code 500 @ http://localhost:3004/zero-to-mvp:0
[   33388ms] [INFO] %cDownload the React DevTools for a better development experience: https://reactjs.org/link/react-devtools font-weight:bold @ webpack-internal:///(app-pages-browser)/./node_modules/next/dist/compiled/react-dom/cjs/react-dom.development.js:38559
[   33482ms] [ERROR] Failed to load resource: the server responded with a status of 500 (Internal Server Error) @ http://localhost:3004/manifest.webmanifest:0
[   33482ms] [ERROR] Manifest fetch from http://localhost:3004/manifest.webmanifest failed, code 500 @ http://localhost:3004/zero-to-mvp:0
[   33485ms] [WARNING] <meta name="apple-mobile-web-app-capable" content="yes"> is deprecated. Please include <meta name="mobile-web-app-capable" content="yes"> @ http://localhost:3004/zero-to-mvp:0
[   33555ms] [ERROR] Failed to load resource: the server responded with a status of 500 (Internal Server Error) @ http://localhost:3004/manifest.webmanifest:0
[   33555ms] [ERROR] Manifest fetch from http://localhost:3004/manifest.webmanifest failed, code 500 @ http://localhost:3004/packages:0
[   33753ms] [INFO] %cDownload the React DevTools for a better development experience: https://reactjs.org/link/react-devtools font-weight:bold @ webpack-internal:///(app-pages-browser)/./node_modules/next/dist/compiled/react-dom/cjs/react-dom.development.js:38559
[   33846ms] [ERROR] Failed to load resource: the server responded with a status of 500 (Internal Server Error) @ http://localhost:3004/manifest.webmanifest:0
[   33847ms] [ERROR] Manifest fetch from http://localhost:3004/manifest.webmanifest failed, code 500 @ http://localhost:3004/packages:0
[   33851ms] [WARNING] <meta name="apple-mobile-web-app-capable" content="yes"> is deprecated. Please include <meta name="mobile-web-app-capable" content="yes"> @ http://localhost:3004/packages:0
[   33934ms] [ERROR] Failed to load resource: the server responded with a status of 500 (Internal Server Error) @ http://localhost:3004/manifest.webmanifest:0
[   33935ms] [ERROR] Manifest fetch from http://localhost:3004/manifest.webmanifest failed, code 500 @ http://localhost:3004/about:0
[   34133ms] [INFO] %cDownload the React DevTools for a better development experience: https://reactjs.org/link/react-devtools font-weight:bold @ webpack-internal:///(app-pages-browser)/./node_modules/next/dist/compiled/react-dom/cjs/react-dom.development.js:38559
[   34223ms] [ERROR] Failed to load resource: the server responded with a status of 500 (Internal Server Error) @ http://localhost:3004/manifest.webmanifest:0
[   34224ms] [ERROR] Manifest fetch from http://localhost:3004/manifest.webmanifest failed, code 500 @ http://localhost:3004/about:0
[   34227ms] [WARNING] <meta name="apple-mobile-web-app-capable" content="yes"> is deprecated. Please include <meta name="mobile-web-app-capable" content="yes"> @ http://localhost:3004/about:0
[   34306ms] [ERROR] Failed to load resource: the server responded with a status of 500 (Internal Server Error) @ http://localhost:3004/manifest.webmanifest:0
[   34306ms] [ERROR] Manifest fetch from http://localhost:3004/manifest.webmanifest failed, code 500 @ http://localhost:3004/contact:0
[   34509ms] [INFO] %cDownload the React DevTools for a better development experience: https://reactjs.org/link/react-devtools font-weight:bold @ webpack-internal:///(app-pages-browser)/./node_modules/next/dist/compiled/react-dom/cjs/react-dom.development.js:38559
[   34591ms] [ERROR] Failed to load resource: the server responded with a status of 500 (Internal Server Error) @ http://localhost:3004/manifest.webmanifest:0
[   34591ms] [ERROR] Manifest fetch from http://localhost:3004/manifest.webmanifest failed, code 500 @ http://localhost:3004/contact:0
[   34597ms] [WARNING] <meta name="apple-mobile-web-app-capable" content="yes"> is deprecated. Please include <meta name="mobile-web-app-capable" content="yes"> @ http://localhost:3004/contact:0
[   34672ms] [ERROR] Failed to load resource: the server responded with a status of 500 (Internal Server Error) @ http://localhost:3004/manifest.webmanifest:0
[   34674ms] [ERROR] Manifest fetch from http://localhost:3004/manifest.webmanifest failed, code 500 @ http://localhost:3004/contact:0
[   34877ms] [INFO] %cDownload the React DevTools for a better development experience: https://reactjs.org/link/react-devtools font-weight:bold @ webpack-internal:///(app-pages-browser)/./node_modules/next/dist/compiled/react-dom/cjs/react-dom.development.js:38559
[   34971ms] [ERROR] Failed to load resource: the server responded with a status of 500 (Internal Server Error) @ http://localhost:3004/manifest.webmanifest:0
[   34971ms] [ERROR] Manifest fetch from http://localhost:3004/manifest.webmanifest failed, code 500 @ http://localhost:3004/contact:0
[   34977ms] [WARNING] <meta name="apple-mobile-web-app-capable" content="yes"> is deprecated. Please include <meta name="mobile-web-app-capable" content="yes"> @ http://localhost:3004/contact:0
[   35702ms] [ERROR] Failed to load resource: the server responded with a status of 500 (Internal Server Error) @ http://localhost:3004/manifest.webmanifest:0
[   35702ms] [ERROR] Manifest fetch from http://localhost:3004/manifest.webmanifest failed, code 500 @ http://localhost:3004/portfolio:0
[   35923ms] [INFO] %cDownload the React DevTools for a better development experience: https://reactjs.org/link/react-devtools font-weight:bold @ webpack-internal:///(app-pages-browser)/./node_modules/next/dist/compiled/react-dom/cjs/react-dom.development.js:38559
[   35997ms] [ERROR] Failed to load resource: the server responded with a status of 500 (Internal Server Error) @ http://localhost:3004/manifest.webmanifest:0
[   35997ms] [ERROR] Manifest fetch from http://localhost:3004/manifest.webmanifest failed, code 500 @ http://localhost:3004/portfolio:0
[   36032ms] [WARNING] <meta name="apple-mobile-web-app-capable" content="yes"> is deprecated. Please include <meta name="mobile-web-app-capable" content="yes"> @ http://localhost:3004/portfolio:0
[   38052ms] [ERROR] Failed to load resource: the server responded with a status of 500 (Internal Server Error) @ http://localhost:3004/manifest.webmanifest:0
[   38052ms] [ERROR] Manifest fetch from http://localhost:3004/manifest.webmanifest failed, code 500 @ http://localhost:3004/:0
[   38249ms] [INFO] %cDownload the React DevTools for a better development experience: https://reactjs.org/link/react-devtools font-weight:bold @ webpack-internal:///(app-pages-browser)/./node_modules/next/dist/compiled/react-dom/cjs/react-dom.development.js:38559
[   38362ms] [ERROR] Failed to load resource: the server responded with a status of 500 (Internal Server Error) @ http://localhost:3004/manifest.webmanifest:0
[   38362ms] [ERROR] Manifest fetch from http://localhost:3004/manifest.webmanifest failed, code 500 @ http://localhost:3004/:0
[   38382ms] [WARNING] <meta name="apple-mobile-web-app-capable" content="yes"> is deprecated. Please include <meta name="mobile-web-app-capable" content="yes"> @ http://localhost:3004/:0
